============================= test session starts =============================
platform win32 -- Python 3.13.5, pytest-9.0.2, pluggy-1.5.0 -- C:\Users\kadar\miniconda3\python.exe
cachedir: .pytest_cache
rootdir: C:\Users\kadar\.gemini\antigravity\scratch\sql-ops-agent
configfile: pyproject.toml
plugins: anyio-4.11.0, asyncio-1.3.0
asyncio: mode=Mode.AUTO, debug=False, asyncio_default_fixture_loop_scope=None, asyncio_default_test_loop_scope=function
collecting ... collected 2 items

tests/test_integration.py::test_agent_run_basic FAILED                   [ 50%]
tests/test_integration.py::test_agent_guardrail_block PASSED             [100%]

================================== FAILURES ===================================
____________________________ test_agent_run_basic _____________________________

mock_llm = <AsyncMock id='1349100978592'>
mock_retriever = <MagicMock id='1349100979600'>
mock_executor = <AsyncMock id='1349100980608'>

    @pytest.mark.asyncio
    async def test_agent_run_basic(mock_llm, mock_retriever, mock_executor):
        # Setup LLM response
        # Explicitly make it return the object when awaited
        async def mock_chat(*args, **kwargs):
            return ChatResult(
                text='{"plan": "test", "sql": "SELECT 1", "answer_text": "done"}',
                usage={}
            )
        mock_llm.chat.side_effect = mock_chat
    
        orchestrator = AgentOrchestrator(mock_llm, mock_retriever, mock_executor)
    
        res = await orchestrator.run("test query")
    
>       assert res.outcome == "SUCCESS"
E       AssertionError: assert 'LLM_ERROR' == 'SUCCESS'
E         
E         - SUCCESS
E         + LLM_ERROR

tests\test_integration.py:42: AssertionError
---------------------------- Captured stdout call -----------------------------
2026-02-17 14:14:19 [info     ] agent_run_start                query='test query'
2026-02-17 14:14:19 [info     ] retrieval_complete             best_score=0.0 match_count=0 query='test query'
2026-02-17 14:14:19 [error    ] agent_run_failed               error="module 'sqlglot.expressions' has no attribute 'Explain'" query='test query'
=========================== short test summary info ===========================
FAILED tests/test_integration.py::test_agent_run_basic - AssertionError: assert 'LLM_ERROR' == 'SUCCESS'
  
  - SUCCESS
  + LLM_ERROR
========================= 1 failed, 1 passed in 0.63s =========================
